
> next-crm@0.1.0 build
> next build

Γû▓ Next.js 16.1.3 (Turbopack)
- Environments: .env.local

  Creating an optimized production build ...
node.exe : 
At C:\Program Files\n
odejs\npm.ps1:29 
char:3
+   & $NODE_EXE 
$NPM_CLI_JS $args
+   ~~~~~~~~~~~~~~~~~
~~~~~~~~~~~~
    + CategoryInfo   
           : NotSpe  
  cified: (:String   
 ) [], RemoteExce    
ption
    + FullyQualified 
   ErrorId : Native  
  CommandError
 
> Build error 
occurred
Error: Turbopack 
build failed with 3 
errors:
./src/components/dash
board/AddOrganisation
.tsx:4:1
Module not found: 
Can't resolve '@hookf
orm/resolvers/zod'
[0m [90m 2 |[39m
 [90m 3 |[39m 
[36mimport[39m { z 
} [36mfrom[39m [32
m"zod"[39m[33m;[39
m
[31m[1m>[22m[39m
[90m 4 |[39m 
[36mimport[39m { 
zodResolver } 
[36mfrom[39m [32m"
@hookform/resolvers/z
od"[39m[33m;[39m
 [90m   |[39m [31m
[1m^[22m[39m[31m
[1m^[22m[39m[31m[
1m^[22m[39m[31m[1
m^[22m[39m[31m[1m
^[22m[39m[31m[1m^
[22m[39m[31m[1m^
[22m[39m[31m[1m^[
22m[39m[31m[1m^[2
2m[39m[31m[1m^[22
m[39m[31m[1m^[22m
[39m[31m[1m^[22m
[39m[31m[1m^[22m[
39m[31m[1m^[22m[3
9m[31m[1m^[22m[39
m[31m[1m^[22m[39m
[31m[1m^[22m[39m
[31m[1m^[22m[39m[
31m[1m^[22m[39m[3
1m[1m^[22m[39m[31
m[1m^[22m[39m[31m
[1m^[22m[39m[31m
[1m^[22m[39m[31m[
1m^[22m[39m[31m[1
m^[22m[39m[31m[1m
^[22m[39m[31m[1m^
[22m[39m[31m[1m^
[22m[39m[31m[1m^[
22m[39m[31m[1m^[2
2m[39m[31m[1m^[22
m[39m[31m[1m^[22m
[39m[31m[1m^[22m
[39m[31m[1m^[22m[
39m[31m[1m^[22m[3
9m[31m[1m^[22m[39
m[31m[1m^[22m[39m
[31m[1m^[22m[39m
[31m[1m^[22m[39m[
31m[1m^[22m[39m[3
1m[1m^[22m[39m[31
m[1m^[22m[39m[31m
[1m^[22m[39m[31m
[1m^[22m[39m[31m[
1m^[22m[39m[31m[1
m^[22m[39m[31m[1m
^[22m[39m[31m[1m^
[22m[39m[31m[1m^
[22m[39m[31m[1m^[
22m[39m[31m[1m^[2
2m[39m[31m[1m^[22
m[39m[31m[1m^[22m
[39m[31m[1m^[22m
[39m
 [90m 5 |[39m 
[36mimport[39m { 
useForm } 
[36mfrom[39m [32m"
react-hook-form"[39m
[33m;[39m
 [90m 6 |[39m 
[36mimport[39m { [
33mBuilding2[39m[33
m,[39m [33mUser[39
m[33m,[39m 
[33mLoader2[39m } 
[36mfrom[39m [32m"
lucide-react"[39m[3
3m;[39m
 [90m 7 |[39m[0m



Import trace:
  Server Component:
    ./src/components/
dashboard/AddOrganisa
tion.tsx
    ./src/app/organiz
ations/add/page.tsx

https://nextjs.org/do
cs/messages/module-no
t-found


./src/components/orga
nisationDetails/AddCu
stomer.tsx:4:1
Module not found: 
Can't resolve '@hookf
orm/resolvers/zod'
[0m [90m 2 |[39m
 [90m 3 |[39m 
[36mimport[39m { z 
} [36mfrom[39m [32
m"zod"[39m[33m;[39
m
[31m[1m>[22m[39m
[90m 4 |[39m 
[36mimport[39m { 
zodResolver } 
[36mfrom[39m [32m"
@hookform/resolvers/z
od"[39m[33m;[39m
 [90m   |[39m [31m
[1m^[22m[39m[31m
[1m^[22m[39m[31m[
1m^[22m[39m[31m[1
m^[22m[39m[31m[1m
^[22m[39m[31m[1m^
[22m[39m[31m[1m^
[22m[39m[31m[1m^[
22m[39m[31m[1m^[2
2m[39m[31m[1m^[22
m[39m[31m[1m^[22m
[39m[31m[1m^[22m
[39m[31m[1m^[22m[
39m[31m[1m^[22m[3
9m[31m[1m^[22m[39
m[31m[1m^[22m[39m
[31m[1m^[22m[39m
[31m[1m^[22m[39m[
31m[1m^[22m[39m[3
1m[1m^[22m[39m[31
m[1m^[22m[39m[31m
[1m^[22m[39m[31m
[1m^[22m[39m[31m[
1m^[22m[39m[31m[1
m^[22m[39m[31m[1m
^[22m[39m[31m[1m^
[22m[39m[31m[1m^
[22m[39m[31m[1m^[
22m[39m[31m[1m^[2
2m[39m[31m[1m^[22
m[39m[31m[1m^[22m
[39m[31m[1m^[22m
[39m[31m[1m^[22m[
39m[31m[1m^[22m[3
9m[31m[1m^[22m[39
m[31m[1m^[22m[39m
[31m[1m^[22m[39m
[31m[1m^[22m[39m[
31m[1m^[22m[39m[3
1m[1m^[22m[39m[31
m[1m^[22m[39m[31m
[1m^[22m[39m[31m
[1m^[22m[39m[31m[
1m^[22m[39m[31m[1
m^[22m[39m[31m[1m
^[22m[39m[31m[1m^
[22m[39m[31m[1m^
[22m[39m[31m[1m^[
22m[39m[31m[1m^[2
2m[39m[31m[1m^[22
m[39m[31m[1m^[22m
[39m[31m[1m^[22m
[39m
 [90m 5 |[39m 
[36mimport[39m { 
useForm } 
[36mfrom[39m [32m"
react-hook-form"[39m
[33m;[39m
 [90m 6 |[39m 
[36mimport[39m { [
33mUser[39m[33m,[3
9m [33mMail[39m[33
m,[39m [33mPhone[3
9m[33m,[39m 
[33mLoader2[39m } 
[36mfrom[39m [32m"
lucide-react"[39m[3
3m;[39m
 [90m 7 |[39m[0m



Import trace:
  Server Component:
    ./src/components/
organisationDetails/A
ddCustomer.tsx
    ./src/app/organiz
ations/[organizationI
d]/add-customer/page.
tsx

https://nextjs.org/do
cs/messages/module-no
t-found


./src/components/orga
nisationDetails/AddSt
aff.tsx:4:1
Module not found: 
Can't resolve '@hookf
orm/resolvers/zod'
[0m [90m 2 |[39m
 [90m 3 |[39m 
[36mimport[39m { z 
} [36mfrom[39m [32
m"zod"[39m[33m;[39
m
[31m[1m>[22m[39m
[90m 4 |[39m 
[36mimport[39m { 
zodResolver } 
[36mfrom[39m [32m"
@hookform/resolvers/z
od"[39m[33m;[39m
 [90m   |[39m [31m
[1m^[22m[39m[31m
[1m^[22m[39m[31m[
1m^[22m[39m[31m[1
m^[22m[39m[31m[1m
^[22m[39m[31m[1m^
[22m[39m[31m[1m^
[22m[39m[31m[1m^[
22m[39m[31m[1m^[2
2m[39m[31m[1m^[22
m[39m[31m[1m^[22m
[39m[31m[1m^[22m
[39m[31m[1m^[22m[
39m[31m[1m^[22m[3
9m[31m[1m^[22m[39
m[31m[1m^[22m[39m
[31m[1m^[22m[39m
[31m[1m^[22m[39m[
31m[1m^[22m[39m[3
1m[1m^[22m[39m[31
m[1m^[22m[39m[31m
[1m^[22m[39m[31m
[1m^[22m[39m[31m[
1m^[22m[39m[31m[1
m^[22m[39m[31m[1m
^[22m[39m[31m[1m^
[22m[39m[31m[1m^
[22m[39m[31m[1m^[
22m[39m[31m[1m^[2
2m[39m[31m[1m^[22
m[39m[31m[1m^[22m
[39m[31m[1m^[22m
[39m[31m[1m^[22m[
39m[31m[1m^[22m[3
9m[31m[1m^[22m[39
m[31m[1m^[22m[39m
[31m[1m^[22m[39m
[31m[1m^[22m[39m[
31m[1m^[22m[39m[3
1m[1m^[22m[39m[31
m[1m^[22m[39m[31m
[1m^[22m[39m[31m
[1m^[22m[39m[31m[
1m^[22m[39m[31m[1
m^[22m[39m[31m[1m
^[22m[39m[31m[1m^
[22m[39m[31m[1m^
[22m[39m[31m[1m^[
22m[39m[31m[1m^[2
2m[39m[31m[1m^[22
m[39m[31m[1m^[22m
[39m[31m[1m^[22m
[39m
 [90m 5 |[39m 
[36mimport[39m { 
useForm[33m,[39m 
[33mController[39m 
} [36mfrom[39m [32
m"react-hook-form"[3
9m[33m;[39m
 [90m 6 |[39m 
[36mimport[39m { [
33mUser[39m[33m,[3
9m [33mLock[39m[33
m,[39m 
[33mLoader2[39m } 
[36mfrom[39m [32m"
lucide-react"[39m[3
3m;[39m
 [90m 7 |[39m[0m



Import trace:
  Server Component:
    ./src/components/
organisationDetails/A
ddStaff.tsx
    ./src/app/organiz
ations/[organizationI
d]/add-staff/page.tsx

https://nextjs.org/do
cs/messages/module-no
t-found


    at <unknown> (./s
rc/components/dashboa
rd/AddOrganisation.ts
x:4:1)
    at <unknown> (htt
ps://nextjs.org/docs/
messages/module-not-f
ound)
    at <unknown> (./s
rc/components/organis
ationDetails/AddCusto
mer.tsx:4:1)
    at <unknown> (htt
ps://nextjs.org/docs/
messages/module-not-f
ound)
    at <unknown> (./s
rc/components/organis
ationDetails/AddStaff
.tsx:4:1)
    at <unknown> (htt
ps://nextjs.org/docs/
messages/module-not-f
ound)
